Release 14.7 - xst P.20131013 (nt64)
Copyright (c) 1995-2013 Xilinx, Inc.  All rights reserved.
--> Parameter TMPDIR set to xst/projnav.tmp


Total REAL time to Xst completion: 0.00 secs
Total CPU time to Xst completion: 0.14 secs
 
--> Parameter xsthdpdir set to xst


Total REAL time to Xst completion: 0.00 secs
Total CPU time to Xst completion: 0.14 secs
 
--> Reading design: TextDisplay_Top.prj

TABLE OF CONTENTS
  1) Synthesis Options Summary
  2) HDL Parsing
  3) HDL Elaboration
  4) HDL Synthesis
       4.1) HDL Synthesis Report
  5) Advanced HDL Synthesis
       5.1) Advanced HDL Synthesis Report
  6) Low Level Synthesis
  7) Partition Report
  8) Design Summary
       8.1) Primitive and Black Box Usage
       8.2) Device utilization summary
       8.3) Partition Resource Summary
       8.4) Timing Report
            8.4.1) Clock Information
            8.4.2) Asynchronous Control Signals Information
            8.4.3) Timing Summary
            8.4.4) Timing Details
            8.4.5) Cross Clock Domains Report


=========================================================================
*                      Synthesis Options Summary                        *
=========================================================================
---- Source Parameters
Input File Name                    : "TextDisplay_Top.prj"
Ignore Synthesis Constraint File   : NO

---- Target Parameters
Output File Name                   : "TextDisplay_Top"
Output Format                      : NGC
Target Device                      : xc6slx16-3-csg324

---- Source Options
Top Module Name                    : TextDisplay_Top
Automatic FSM Extraction           : YES
FSM Encoding Algorithm             : Auto
Safe Implementation                : No
FSM Style                          : LUT
RAM Extraction                     : Yes
RAM Style                          : Auto
ROM Extraction                     : Yes
Shift Register Extraction          : YES
ROM Style                          : Auto
Resource Sharing                   : YES
Asynchronous To Synchronous        : NO
Shift Register Minimum Size        : 2
Use DSP Block                      : Auto
Automatic Register Balancing       : No

---- Target Options
LUT Combining                      : Auto
Reduce Control Sets                : Auto
Add IO Buffers                     : YES
Global Maximum Fanout              : 100000
Add Generic Clock Buffer(BUFG)     : 16
Register Duplication               : YES
Optimize Instantiated Primitives   : NO
Use Clock Enable                   : Auto
Use Synchronous Set                : Auto
Use Synchronous Reset              : Auto
Pack IO Registers into IOBs        : Auto
Equivalent register Removal        : YES

---- General Options
Optimization Goal                  : Speed
Optimization Effort                : 1
Power Reduction                    : NO
Keep Hierarchy                     : No
Netlist Hierarchy                  : As_Optimized
RTL Output                         : Yes
Global Optimization                : AllClockNets
Read Cores                         : YES
Write Timing Constraints           : NO
Cross Clock Analysis               : NO
Hierarchy Separator                : /
Bus Delimiter                      : <>
Case Specifier                     : Maintain
Slice Utilization Ratio            : 100
BRAM Utilization Ratio             : 100
DSP48 Utilization Ratio            : 100
Auto BRAM Packing                  : NO
Slice Utilization Ratio Delta      : 5

---- Other Options
Cores Search Directories           : {"ipcore_dir"  }

=========================================================================


=========================================================================
*                          HDL Parsing                                  *
=========================================================================
Analyzing Verilog file "C:\Users\imana\Documents\SCHOOL\ECE3710\Assignment4_TextDisplay\ipcore_dir\GlyphTable.v" into library work
Parsing module <GlyphTable>.
Analyzing Verilog file "C:\Users\imana\Documents\SCHOOL\ECE3710\Assignment4_TextDisplay\GlyphPixelExtractor.v" into library work
Parsing module <ASCIItoGlyphAddress>.
Analyzing Verilog file "C:\Users\imana\Documents\SCHOOL\ECE3710\Assignment4_TextDisplay\TextAreaLookup.v" into library work
Parsing module <CharacterPosToASCIIAddress>.
Analyzing Verilog file "C:\Users\imana\Documents\SCHOOL\ECE3710\Assignment4_TextDisplay\ipcore_dir\TextAreaMemory.v" into library work
Parsing module <TextAreaMemory>.
Analyzing Verilog file "C:\Users\imana\Documents\SCHOOL\ECE3710\Assignment4_TextDisplay\BitFromGlyphWord.v" into library work
Parsing module <BitFromGlyphWord>.
Analyzing Verilog file "C:\Users\imana\Documents\SCHOOL\ECE3710\Assignment4_TextDisplay\ASCIItoGlyphWord.v" into library work
Parsing module <ASCIItoGlyphWord>.
Analyzing Verilog file "C:\Users\imana\Documents\SCHOOL\ECE3710\Assignment4_TextDisplay\VGA_SignalGen.v" into library work
Parsing module <VGA_SignalGen>.
Analyzing Verilog file "C:\Users\imana\Documents\SCHOOL\ECE3710\Assignment4_TextDisplay\CharExtract.v" into library work
Parsing module <CharExtract>.
Analyzing Verilog file "C:\Users\imana\Documents\SCHOOL\ECE3710\Assignment4_TextDisplay\ASCIItoPixelOnOff.v" into library work
Parsing module <ASCIItoPixelOnOff>.
Analyzing Verilog file "C:\Users\imana\Documents\SCHOOL\ECE3710\Assignment4_TextDisplay\TextDisplay_Top.v" into library work
Parsing module <TextDisplay_Top>.

=========================================================================
*                            HDL Elaboration                            *
=========================================================================

Elaborating module <TextDisplay_Top>.

Elaborating module <CharExtract>.

Elaborating module <CharacterPosToASCIIAddress>.

Elaborating module <TextAreaMemory>.
WARNING:HDLCompiler:1499 - "C:\Users\imana\Documents\SCHOOL\ECE3710\Assignment4_TextDisplay\ipcore_dir\TextAreaMemory.v" Line 39: Empty module <TextAreaMemory> remains a black box.
WARNING:HDLCompiler:1127 - "C:\Users\imana\Documents\SCHOOL\ECE3710\Assignment4_TextDisplay\CharExtract.v" Line 43: Assignment to doutb ignored, since the identifier is never used
WARNING:HDLCompiler:1127 - "C:\Users\imana\Documents\SCHOOL\ECE3710\Assignment4_TextDisplay\TextDisplay_Top.v" Line 34: Assignment to TextColor ignored, since the identifier is never used

Elaborating module <ASCIItoPixelOnOff>.

Elaborating module <ASCIItoGlyphWord>.

Elaborating module <ASCIItoGlyphAddress>.

Elaborating module <GlyphTable>.
WARNING:HDLCompiler:1499 - "C:\Users\imana\Documents\SCHOOL\ECE3710\Assignment4_TextDisplay\ipcore_dir\GlyphTable.v" Line 39: Empty module <GlyphTable> remains a black box.
WARNING:HDLCompiler:1127 - "C:\Users\imana\Documents\SCHOOL\ECE3710\Assignment4_TextDisplay\ASCIItoPixelOnOff.v" Line 36: Assignment to GlyphWord2 ignored, since the identifier is never used

Elaborating module <BitFromGlyphWord>.

Elaborating module <VGA_SignalGen>.
WARNING:HDLCompiler:189 - "C:\Users\imana\Documents\SCHOOL\ECE3710\Assignment4_TextDisplay\TextDisplay_Top.v" Line 39: Size mismatch in connection of port <subPixelCount>. Formal port size is 2-bit while actual signal size is 1-bit.
WARNING:HDLCompiler:1127 - "C:\Users\imana\Documents\SCHOOL\ECE3710\Assignment4_TextDisplay\TextDisplay_Top.v" Line 39: Assignment to subPixelCount ignored, since the identifier is never used

=========================================================================
*                           HDL Synthesis                               *
=========================================================================

Synthesizing Unit <TextDisplay_Top>.
    Related source file is "C:\Users\imana\Documents\SCHOOL\ECE3710\Assignment4_TextDisplay\TextDisplay_Top.v".
INFO:Xst:3210 - "C:\Users\imana\Documents\SCHOOL\ECE3710\Assignment4_TextDisplay\TextDisplay_Top.v" line 30: Output port <TextColor> of the instance <_CharExtract> is unconnected or connected to loadless signal.
INFO:Xst:3210 - "C:\Users\imana\Documents\SCHOOL\ECE3710\Assignment4_TextDisplay\TextDisplay_Top.v" line 39: Output port <subPixelCount> of the instance <h> is unconnected or connected to loadless signal.
    Summary:
	no macro.
Unit <TextDisplay_Top> synthesized.

Synthesizing Unit <CharExtract>.
    Related source file is "C:\Users\imana\Documents\SCHOOL\ECE3710\Assignment4_TextDisplay\CharExtract.v".
INFO:Xst:3210 - "C:\Users\imana\Documents\SCHOOL\ECE3710\Assignment4_TextDisplay\CharExtract.v" line 33: Output port <doutb> of the instance <_TextAreaMemory> is unconnected or connected to loadless signal.
    Summary:
	no macro.
Unit <CharExtract> synthesized.

Synthesizing Unit <CharacterPosToASCIIAddress>.
    Related source file is "C:\Users\imana\Documents\SCHOOL\ECE3710\Assignment4_TextDisplay\TextAreaLookup.v".
WARNING:Xst:647 - Input <LineCount<6:6>> is never used. This port will be preserved and left unconnected if it belongs to a top-level block or it belongs to a sub-block and the hierarchy of this sub-block is preserved.
    Summary:
	no macro.
Unit <CharacterPosToASCIIAddress> synthesized.

Synthesizing Unit <ASCIItoPixelOnOff>.
    Related source file is "C:\Users\imana\Documents\SCHOOL\ECE3710\Assignment4_TextDisplay\ASCIItoPixelOnOff.v".
INFO:Xst:3210 - "C:\Users\imana\Documents\SCHOOL\ECE3710\Assignment4_TextDisplay\ASCIItoPixelOnOff.v" line 30: Output port <GlyphWord2> of the instance <_ASCIItoGlyphWord> is unconnected or connected to loadless signal.
    Summary:
	no macro.
Unit <ASCIItoPixelOnOff> synthesized.

Synthesizing Unit <ASCIItoGlyphWord>.
    Related source file is "C:\Users\imana\Documents\SCHOOL\ECE3710\Assignment4_TextDisplay\ASCIItoGlyphWord.v".
    Summary:
	no macro.
Unit <ASCIItoGlyphWord> synthesized.

Synthesizing Unit <ASCIItoGlyphAddress>.
    Related source file is "C:\Users\imana\Documents\SCHOOL\ECE3710\Assignment4_TextDisplay\GlyphPixelExtractor.v".
WARNING:Xst:647 - Input <PixelCount> is never used. This port will be preserved and left unconnected if it belongs to a top-level block or it belongs to a sub-block and the hierarchy of this sub-block is preserved.
WARNING:Xst:647 - Input <LineCount<0:0>> is never used. This port will be preserved and left unconnected if it belongs to a top-level block or it belongs to a sub-block and the hierarchy of this sub-block is preserved.
    Found 11-bit adder for signal <n0011[10:0]> created at line 28.
    Summary:
	inferred   1 Adder/Subtractor(s).
Unit <ASCIItoGlyphAddress> synthesized.

Synthesizing Unit <BitFromGlyphWord>.
    Related source file is "C:\Users\imana\Documents\SCHOOL\ECE3710\Assignment4_TextDisplay\BitFromGlyphWord.v".
    Found 1-bit 8-to-1 multiplexer for signal <PixelOnOff> created at line 33.
    Summary:
	inferred   9 Multiplexer(s).
Unit <BitFromGlyphWord> synthesized.

Synthesizing Unit <VGA_SignalGen>.
    Related source file is "C:\Users\imana\Documents\SCHOOL\ECE3710\Assignment4_TextDisplay\VGA_SignalGen.v".
        HorzPixelCount = 800
        HorzPixNBITS = 10
        VertPixelCount = 525
        VertPixNBITS = 10
        subPixelCountNBITS = 2
        subPixFreqDivision = 4
        HorzBackPorch = 48
        HorzFrontPorch = 16
        HorzActiveReg = 640
        VertBackPorch = 33
        VertFrontPorch = 10
        VertActiveReg = 480
        HSyncReg = 96
        VSyncReg = 2
    Found 10-bit register for signal <PixelCount>.
    Found 10-bit register for signal <LineCount>.
    Found 1-bit register for signal <Vsync>.
    Found 1-bit register for signal <Hsync>.
    Found 8-bit register for signal <ColorOut>.
    Found 2-bit register for signal <subPixelCount>.
    Found 2-bit adder for signal <subPixelCount[1]_GND_10_o_add_2_OUT> created at line 68.
    Found 10-bit adder for signal <PixelCount[9]_GND_10_o_add_6_OUT> created at line 76.
    Found 10-bit adder for signal <LineCount[9]_GND_10_o_add_10_OUT> created at line 86.
    Found 10-bit comparator lessequal for signal <n0010> created at line 89
    Found 10-bit comparator greater for signal <LineCount[9]_GND_10_o_LessThan_14_o> created at line 89
    Found 10-bit comparator lessequal for signal <n0017> created at line 91
    Found 10-bit comparator greater for signal <PixelCount[9]_PWR_10_o_LessThan_17_o> created at line 91
    Found 10-bit comparator greater for signal <PixelCount[9]_PWR_10_o_LessThan_19_o> created at line 92
    Found 10-bit comparator greater for signal <LineCount[9]_GND_10_o_LessThan_21_o> created at line 92
    Summary:
	inferred   3 Adder/Subtractor(s).
	inferred  32 D-type flip-flop(s).
	inferred   6 Comparator(s).
Unit <VGA_SignalGen> synthesized.

=========================================================================
HDL Synthesis Report

Macro Statistics
# Adders/Subtractors                                   : 4
 10-bit adder                                          : 2
 11-bit adder                                          : 1
 2-bit adder                                           : 1
# Registers                                            : 6
 1-bit register                                        : 2
 10-bit register                                       : 2
 2-bit register                                        : 1
 8-bit register                                        : 1
# Comparators                                          : 6
 10-bit comparator greater                             : 4
 10-bit comparator lessequal                           : 2
# Multiplexers                                         : 9
 1-bit 2-to-1 multiplexer                              : 8
 1-bit 8-to-1 multiplexer                              : 1

=========================================================================

=========================================================================
*                       Advanced HDL Synthesis                          *
=========================================================================

Reading core <ipcore_dir/TextAreaMemory.ngc>.
Reading core <ipcore_dir/GlyphTable.ngc>.
Loading core <TextAreaMemory> for timing and area information for instance <_TextAreaMemory>.
Loading core <GlyphTable> for timing and area information for instance <_GlyphTable>.

Synthesizing (advanced) Unit <VGA_SignalGen>.
The following registers are absorbed into counter <subPixelCount>: 1 register on signal <subPixelCount>.
The following registers are absorbed into counter <PixelCount>: 1 register on signal <PixelCount>.
The following registers are absorbed into counter <LineCount>: 1 register on signal <LineCount>.
Unit <VGA_SignalGen> synthesized (advanced).

=========================================================================
Advanced HDL Synthesis Report

Macro Statistics
# Adders/Subtractors                                   : 1
 11-bit adder                                          : 1
# Counters                                             : 3
 10-bit up counter                                     : 2
 2-bit up counter                                      : 1
# Registers                                            : 10
 Flip-Flops                                            : 10
# Comparators                                          : 6
 10-bit comparator greater                             : 4
 10-bit comparator lessequal                           : 2
# Multiplexers                                         : 9
 1-bit 2-to-1 multiplexer                              : 8
 1-bit 8-to-1 multiplexer                              : 1

=========================================================================

=========================================================================
*                         Low Level Synthesis                           *
=========================================================================
INFO:Xst:2261 - The FF/Latch <ColorOut_0> in Unit <VGA_SignalGen> is equivalent to the following 7 FFs/Latches, which will be removed : <ColorOut_1> <ColorOut_2> <ColorOut_3> <ColorOut_4> <ColorOut_5> <ColorOut_6> <ColorOut_7> 

Optimizing unit <TextDisplay_Top> ...

Optimizing unit <ASCIItoPixelOnOff> ...

Optimizing unit <VGA_SignalGen> ...

Mapping all equations...
Building and optimizing final netlist ...
Found area constraint ratio of 100 (+ 5) on block TextDisplay_Top, actual ratio is 2.

Final Macro Processing ...

=========================================================================
Final Register Report

Macro Statistics
# Registers                                            : 25
 Flip-Flops                                            : 25

=========================================================================

=========================================================================
*                           Partition Report                            *
=========================================================================

Partition Implementation Status
-------------------------------

  No Partitions were found in this design.

-------------------------------

=========================================================================
*                            Design Summary                             *
=========================================================================

Top Level Output File Name         : TextDisplay_Top.ngc

Primitive and Black Box Usage:
------------------------------
# BELS                             : 320
#      GND                         : 3
#      INV                         : 3
#      LUT1                        : 18
#      LUT2                        : 3
#      LUT3                        : 35
#      LUT4                        : 3
#      LUT5                        : 12
#      LUT6                        : 137
#      MUXCY                       : 18
#      MUXF7                       : 65
#      VCC                         : 3
#      XORCY                       : 20
# FlipFlops/Latches                : 37
#      FDE                         : 14
#      FDR                         : 2
#      FDRE                        : 21
# RAMS                             : 16
#      RAMB16BWER                  : 16
# Clock Buffers                    : 1
#      BUFGP                       : 1
# IO Buffers                       : 11
#      IBUF                        : 1
#      OBUF                        : 10

Device utilization summary:
---------------------------

Selected Device : 6slx16csg324-3 


Slice Logic Utilization: 
 Number of Slice Registers:              37  out of  18224     0%  
 Number of Slice LUTs:                  211  out of   9112     2%  
    Number used as Logic:               211  out of   9112     2%  

Slice Logic Distribution: 
 Number of LUT Flip Flop pairs used:    223
   Number with an unused Flip Flop:     186  out of    223    83%  
   Number with an unused LUT:            12  out of    223     5%  
   Number of fully used LUT-FF pairs:    25  out of    223    11%  
   Number of unique control sets:        10

IO Utilization: 
 Number of IOs:                          12
 Number of bonded IOBs:                  12  out of    232     5%  

Specific Feature Utilization:
 Number of Block RAM/FIFO:               16  out of     32    50%  
    Number using Block RAM only:         16
 Number of BUFG/BUFGCTRLs:                1  out of     16     6%  

---------------------------
Partition Resource Summary:
---------------------------

  No Partitions were found in this design.

---------------------------


=========================================================================
Timing Report

NOTE: THESE TIMING NUMBERS ARE ONLY A SYNTHESIS ESTIMATE.
      FOR ACCURATE TIMING INFORMATION PLEASE REFER TO THE TRACE REPORT
      GENERATED AFTER PLACE-and-ROUTE.

Clock Information:
------------------
-----------------------------------+------------------------+-------+
Clock Signal                       | Clock buffer(FF name)  | Load  |
-----------------------------------+------------------------+-------+
clk                                | BUFGP                  | 53    |
-----------------------------------+------------------------+-------+

Asynchronous Control Signals Information:
----------------------------------------
No asynchronous control signals found in this design

Timing Summary:
---------------
Speed Grade: -3

   Minimum period: 5.305ns (Maximum Frequency: 188.517MHz)
   Minimum input arrival time before clock: 3.800ns
   Maximum output required time after clock: 3.820ns
   Maximum combinational path delay: No path found

Timing Details:
---------------
All values displayed in nanoseconds (ns)

=========================================================================
Timing constraint: Default period analysis for Clock 'clk'
  Clock period: 5.305ns (frequency: 188.517MHz)
  Total number of paths / destination ports: 2760 / 322
-------------------------------------------------------------------------
Delay:               5.305ns (Levels of Logic = 6)
  Source:            k/_ASCIItoGlyphWord/_GlyphTable/U0/xst_blk_mem_generator/gnativebmg.native_blk_mem_gen/valid.cstr/ramloop[6].ram.r/s6_init.ram/TRUE_DP.PRIM18.ram (RAM)
  Destination:       h/ColorOut_0 (FF)
  Source Clock:      clk rising
  Destination Clock: clk rising

  Data Path: k/_ASCIItoGlyphWord/_GlyphTable/U0/xst_blk_mem_generator/gnativebmg.native_blk_mem_gen/valid.cstr/ramloop[6].ram.r/s6_init.ram/TRUE_DP.PRIM18.ram to h/ColorOut_0
                                Gate     Net
    Cell:in->out      fanout   Delay   Delay  Logical Name (Net Name)
    ----------------------------------------  ------------
     RAMB16BWER:CLKA->DOA12    1   1.850   0.827  U0/xst_blk_mem_generator/gnativebmg.native_blk_mem_gen/valid.cstr/ramloop[6].ram.r/s6_init.ram/TRUE_DP.PRIM18.ram (U0/xst_blk_mem_generator/gnativebmg.native_blk_mem_gen/valid.cstr/ramloop[6].ram.ram_douta<12>)
     LUT6:I2->O            1   0.203   0.000  U0/xst_blk_mem_generator/gnativebmg.native_blk_mem_gen/valid.cstr/has_mux_a.A/Mmux_dout_mux_33 (U0/xst_blk_mem_generator/gnativebmg.native_blk_mem_gen/valid.cstr/has_mux_a.A/Mmux_dout_mux_33)
     MUXF7:I1->O           1   0.140   0.827  U0/xst_blk_mem_generator/gnativebmg.native_blk_mem_gen/valid.cstr/has_mux_a.A/Mmux_dout_mux_2_f7_2 (douta<12>)
     end scope: 'k/_ASCIItoGlyphWord/_GlyphTable:douta<12>'
     LUT6:I2->O            1   0.203   0.808  k/_BitFromGlyphWord/Mmux_PixelOnOff_3_SW0 (N8)
     LUT5:I2->O            1   0.205   0.000  k/_BitFromGlyphWord/Mmux_PixelOnOff_3 (k/_BitFromGlyphWord/Mmux_PixelOnOff_3)
     MUXF7:I1->O           1   0.140   0.000  k/_BitFromGlyphWord/Mmux_PixelOnOff_2_f7 (PixelOnOff)
     FDRE:D                    0.102          h/ColorOut_0
    ----------------------------------------
    Total                      5.305ns (2.843ns logic, 2.462ns route)
                                       (53.6% logic, 46.4% route)

=========================================================================
Timing constraint: Default OFFSET IN BEFORE for Clock 'clk'
  Total number of paths / destination ports: 26 / 26
-------------------------------------------------------------------------
Offset:              3.800ns (Levels of Logic = 2)
  Source:            rst (PAD)
  Destination:       h/LineCount_0 (FF)
  Destination Clock: clk rising

  Data Path: rst to h/LineCount_0
                                Gate     Net
    Cell:in->out      fanout   Delay   Delay  Logical Name (Net Name)
    ----------------------------------------  ------------
     IBUF:I->O             6   1.222   1.089  rst_IBUF (rst_IBUF)
     LUT5:I0->O           10   0.203   0.856  h/Mcount_PixelCount_val11 (h/Mcount_PixelCount_val)
     FDRE:R                    0.430          h/PixelCount_0
    ----------------------------------------
    Total                      3.800ns (1.855ns logic, 1.945ns route)
                                       (48.8% logic, 51.2% route)

=========================================================================
Timing constraint: Default OFFSET OUT AFTER for Clock 'clk'
  Total number of paths / destination ports: 10 / 10
-------------------------------------------------------------------------
Offset:              3.820ns (Levels of Logic = 1)
  Source:            h/ColorOut_0 (FF)
  Destination:       ColorOut<7> (PAD)
  Source Clock:      clk rising

  Data Path: h/ColorOut_0 to ColorOut<7>
                                Gate     Net
    Cell:in->out      fanout   Delay   Delay  Logical Name (Net Name)
    ----------------------------------------  ------------
     FDRE:C->Q             8   0.447   0.802  h/ColorOut_0 (h/ColorOut_0)
     OBUF:I->O                 2.571          ColorOut_7_OBUF (ColorOut<7>)
    ----------------------------------------
    Total                      3.820ns (3.018ns logic, 0.802ns route)
                                       (79.0% logic, 21.0% route)

=========================================================================

Cross Clock Domains Report:
--------------------------

Clock to Setup on destination clock clk
---------------+---------+---------+---------+---------+
               | Src:Rise| Src:Fall| Src:Rise| Src:Fall|
Source Clock   |Dest:Rise|Dest:Rise|Dest:Fall|Dest:Fall|
---------------+---------+---------+---------+---------+
clk            |    5.305|         |         |         |
---------------+---------+---------+---------+---------+

=========================================================================


Total REAL time to Xst completion: 7.00 secs
Total CPU time to Xst completion: 7.40 secs
 
--> 

Total memory usage is 298016 kilobytes

Number of errors   :    0 (   0 filtered)
Number of warnings :   10 (   0 filtered)
Number of infos    :    5 (   0 filtered)

