Release 14.7 - xst P.20131013 (nt64)
Copyright (c) 1995-2013 Xilinx, Inc.  All rights reserved.
--> Parameter TMPDIR set to xst/projnav.tmp


Total REAL time to Xst completion: 1.00 secs
Total CPU time to Xst completion: 0.08 secs
 
--> Parameter xsthdpdir set to xst


Total REAL time to Xst completion: 1.00 secs
Total CPU time to Xst completion: 0.08 secs
 
--> Reading design: TextDisplay_Top.prj

TABLE OF CONTENTS
  1) Synthesis Options Summary
  2) HDL Parsing
  3) HDL Elaboration
  4) HDL Synthesis
       4.1) HDL Synthesis Report
  5) Advanced HDL Synthesis
       5.1) Advanced HDL Synthesis Report
  6) Low Level Synthesis
  7) Partition Report
  8) Design Summary
       8.1) Primitive and Black Box Usage
       8.2) Device utilization summary
       8.3) Partition Resource Summary
       8.4) Timing Report
            8.4.1) Clock Information
            8.4.2) Asynchronous Control Signals Information
            8.4.3) Timing Summary
            8.4.4) Timing Details
            8.4.5) Cross Clock Domains Report


=========================================================================
*                      Synthesis Options Summary                        *
=========================================================================
---- Source Parameters
Input File Name                    : "TextDisplay_Top.prj"
Ignore Synthesis Constraint File   : NO

---- Target Parameters
Output File Name                   : "TextDisplay_Top"
Output Format                      : NGC
Target Device                      : xc6slx16-3-csg324

---- Source Options
Top Module Name                    : TextDisplay_Top
Automatic FSM Extraction           : YES
FSM Encoding Algorithm             : Auto
Safe Implementation                : No
FSM Style                          : LUT
RAM Extraction                     : Yes
RAM Style                          : Auto
ROM Extraction                     : Yes
Shift Register Extraction          : YES
ROM Style                          : Auto
Resource Sharing                   : YES
Asynchronous To Synchronous        : NO
Shift Register Minimum Size        : 2
Use DSP Block                      : Auto
Automatic Register Balancing       : No

---- Target Options
LUT Combining                      : Auto
Reduce Control Sets                : Auto
Add IO Buffers                     : YES
Global Maximum Fanout              : 100000
Add Generic Clock Buffer(BUFG)     : 16
Register Duplication               : YES
Optimize Instantiated Primitives   : NO
Use Clock Enable                   : Auto
Use Synchronous Set                : Auto
Use Synchronous Reset              : Auto
Pack IO Registers into IOBs        : Auto
Equivalent register Removal        : YES

---- General Options
Optimization Goal                  : Speed
Optimization Effort                : 1
Power Reduction                    : NO
Keep Hierarchy                     : No
Netlist Hierarchy                  : As_Optimized
RTL Output                         : Yes
Global Optimization                : AllClockNets
Read Cores                         : YES
Write Timing Constraints           : NO
Cross Clock Analysis               : NO
Hierarchy Separator                : /
Bus Delimiter                      : <>
Case Specifier                     : Maintain
Slice Utilization Ratio            : 100
BRAM Utilization Ratio             : 100
DSP48 Utilization Ratio            : 100
Auto BRAM Packing                  : NO
Slice Utilization Ratio Delta      : 5

---- Other Options
Cores Search Directories           : {"ipcore_dir"  }

=========================================================================


=========================================================================
*                          HDL Parsing                                  *
=========================================================================
Analyzing Verilog file "C:\Users\Kara\Documents\CS3700\Assignment4_TextDisplay\ipcore_dir\TextAreaMemory.v" into library work
Parsing module <TextAreaMemory>.
Analyzing Verilog file "C:\Users\Kara\Documents\CS3700\Assignment4_TextDisplay\ipcore_dir\GlyphTable.v" into library work
Parsing module <GlyphTable>.
Analyzing Verilog file "C:\Users\Kara\Documents\CS3700\Assignment4_TextDisplay\VGA_SignalGen.v" into library work
Parsing module <VGA_SignalGen>.
Analyzing Verilog file "C:\Users\Kara\Documents\CS3700\Assignment4_TextDisplay\CharExtract.v" into library work
Parsing module <CharExtract>.
Analyzing Verilog file "C:\Users\Kara\Documents\CS3700\Assignment4_TextDisplay\ASCIItoPixelOnOff.v" into library work
Parsing module <ASCIItoPixelOnOff>.
Analyzing Verilog file "C:\Users\Kara\Documents\CS3700\Assignment4_TextDisplay\TextDisplay_Top.v" into library work
Parsing module <TextDisplay_Top>.

=========================================================================
*                            HDL Elaboration                            *
=========================================================================

Elaborating module <TextDisplay_Top>.

Elaborating module <CharExtract>.

Elaborating module <TextAreaMemory>.
WARNING:HDLCompiler:1499 - "C:\Users\Kara\Documents\CS3700\Assignment4_TextDisplay\ipcore_dir\TextAreaMemory.v" Line 39: Empty module <TextAreaMemory> remains a black box.

Elaborating module <ASCIItoPixelOnOff>.
WARNING:HDLCompiler:1127 - "C:\Users\Kara\Documents\CS3700\Assignment4_TextDisplay\ASCIItoPixelOnOff.v" Line 34: Assignment to PixleOnOff ignored, since the identifier is never used
WARNING:HDLCompiler:413 - "C:\Users\Kara\Documents\CS3700\Assignment4_TextDisplay\ASCIItoPixelOnOff.v" Line 37: Result of 11-bit expression is truncated to fit in 1-bit target.

Elaborating module <GlyphTable>.
WARNING:HDLCompiler:1499 - "C:\Users\Kara\Documents\CS3700\Assignment4_TextDisplay\ipcore_dir\GlyphTable.v" Line 39: Empty module <GlyphTable> remains a black box.
WARNING:HDLCompiler:189 - "C:\Users\Kara\Documents\CS3700\Assignment4_TextDisplay\ASCIItoPixelOnOff.v" Line 42: Size mismatch in connection of port <addra>. Formal port size is 13-bit while actual signal size is 1-bit.
WARNING:HDLCompiler:189 - "C:\Users\Kara\Documents\CS3700\Assignment4_TextDisplay\ASCIItoPixelOnOff.v" Line 47: Size mismatch in connection of port <addrb>. Formal port size is 13-bit while actual signal size is 1-bit.

Elaborating module <VGA_SignalGen>.

=========================================================================
*                           HDL Synthesis                               *
=========================================================================

Synthesizing Unit <TextDisplay_Top>.
    Related source file is "C:\Users\Kara\Documents\CS3700\Assignment4_TextDisplay\TextDisplay_Top.v".
    Summary:
	no macro.
Unit <TextDisplay_Top> synthesized.

Synthesizing Unit <CharExtract>.
    Related source file is "C:\Users\Kara\Documents\CS3700\Assignment4_TextDisplay\CharExtract.v".
INFO:Xst:3210 - "C:\Users\Kara\Documents\CS3700\Assignment4_TextDisplay\CharExtract.v" line 34: Output port <doutb> of the instance <_TextAreaMemory> is unconnected or connected to loadless signal.
    Summary:
	no macro.
Unit <CharExtract> synthesized.

Synthesizing Unit <ASCIItoPixelOnOff>.
    Related source file is "C:\Users\Kara\Documents\CS3700\Assignment4_TextDisplay\ASCIItoPixelOnOff.v".
WARNING:Xst:647 - Input <PixelCount> is never used. This port will be preserved and left unconnected if it belongs to a top-level block or it belongs to a sub-block and the hierarchy of this sub-block is preserved.
WARNING:Xst:647 - Input <LineCount<0:0>> is never used. This port will be preserved and left unconnected if it belongs to a top-level block or it belongs to a sub-block and the hierarchy of this sub-block is preserved.
INFO:Xst:3210 - "C:\Users\Kara\Documents\CS3700\Assignment4_TextDisplay\ASCIItoPixelOnOff.v" line 39: Output port <douta> of the instance <_GlyphTable> is unconnected or connected to loadless signal.
INFO:Xst:3210 - "C:\Users\Kara\Documents\CS3700\Assignment4_TextDisplay\ASCIItoPixelOnOff.v" line 39: Output port <doutb> of the instance <_GlyphTable> is unconnected or connected to loadless signal.
WARNING:Xst:653 - Signal <PixelOnOff> is used but never assigned. This sourceless signal will be automatically connected to value GND.
    Found 10-bit adder for signal <n0004> created at line 37.
    Summary:
	inferred   1 Adder/Subtractor(s).
Unit <ASCIItoPixelOnOff> synthesized.

Synthesizing Unit <VGA_SignalGen>.
    Related source file is "C:\Users\Kara\Documents\CS3700\Assignment4_TextDisplay\VGA_SignalGen.v".
        HorzPixelCount = 800
        HorzPixNBITS = 10
        VertPixelCount = 525
        VertPixNBITS = 10
        subPixelCountNBITS = 2
        subPixFreqDivision = 4
        HorzBackPorch = 48
        HorzFrontPorch = 16
        HorzActiveReg = 640
        VertBackPorch = 33
        VertFrontPorch = 10
        VertActiveReg = 480
        HSyncReg = 96
        VSyncReg = 2
    Found 10-bit register for signal <PixelCount>.
    Found 10-bit register for signal <LineCount>.
    Found 1-bit register for signal <Vsync>.
    Found 1-bit register for signal <Hsync>.
    Found 8-bit register for signal <ColorOut>.
    Found 2-bit register for signal <subPixelCount>.
    Found 2-bit adder for signal <subPixelCount[1]_GND_6_o_add_2_OUT> created at line 68.
    Found 10-bit adder for signal <PixelCount[9]_GND_6_o_add_6_OUT> created at line 76.
    Found 10-bit adder for signal <LineCount[9]_GND_6_o_add_10_OUT> created at line 86.
    Found 10-bit comparator lessequal for signal <n0010> created at line 89
    Found 10-bit comparator greater for signal <LineCount[9]_GND_6_o_LessThan_14_o> created at line 89
    Found 10-bit comparator lessequal for signal <n0017> created at line 91
    Found 10-bit comparator greater for signal <PixelCount[9]_PWR_6_o_LessThan_17_o> created at line 91
    Found 10-bit comparator greater for signal <PixelCount[9]_PWR_6_o_LessThan_19_o> created at line 92
    Found 10-bit comparator greater for signal <LineCount[9]_GND_6_o_LessThan_21_o> created at line 92
    Summary:
	inferred   3 Adder/Subtractor(s).
	inferred  32 D-type flip-flop(s).
	inferred   6 Comparator(s).
Unit <VGA_SignalGen> synthesized.

=========================================================================
HDL Synthesis Report

Macro Statistics
# Adders/Subtractors                                   : 4
 10-bit adder                                          : 3
 2-bit adder                                           : 1
# Registers                                            : 6
 1-bit register                                        : 2
 10-bit register                                       : 2
 2-bit register                                        : 1
 8-bit register                                        : 1
# Comparators                                          : 6
 10-bit comparator greater                             : 4
 10-bit comparator lessequal                           : 2

=========================================================================

=========================================================================
*                       Advanced HDL Synthesis                          *
=========================================================================

Reading core <ipcore_dir/TextAreaMemory.ngc>.
Reading core <ipcore_dir/GlyphTable.ngc>.
Loading core <TextAreaMemory> for timing and area information for instance <_TextAreaMemory>.
Loading core <GlyphTable> for timing and area information for instance <_GlyphTable>.
WARNING:Xst:1710 - FF/Latch <ColorOut_0> (without init value) has a constant value of 0 in block <h>. This FF/Latch will be trimmed during the optimization process.
WARNING:Xst:1710 - FF/Latch <ColorOut_1> (without init value) has a constant value of 0 in block <h>. This FF/Latch will be trimmed during the optimization process.
WARNING:Xst:1710 - FF/Latch <ColorOut_2> (without init value) has a constant value of 0 in block <h>. This FF/Latch will be trimmed during the optimization process.
WARNING:Xst:1710 - FF/Latch <ColorOut_3> (without init value) has a constant value of 0 in block <h>. This FF/Latch will be trimmed during the optimization process.
WARNING:Xst:1710 - FF/Latch <ColorOut_4> (without init value) has a constant value of 0 in block <h>. This FF/Latch will be trimmed during the optimization process.
WARNING:Xst:1710 - FF/Latch <ColorOut_5> (without init value) has a constant value of 0 in block <h>. This FF/Latch will be trimmed during the optimization process.
WARNING:Xst:1710 - FF/Latch <ColorOut_6> (without init value) has a constant value of 0 in block <h>. This FF/Latch will be trimmed during the optimization process.
WARNING:Xst:1710 - FF/Latch <ColorOut_7> (without init value) has a constant value of 0 in block <h>. This FF/Latch will be trimmed during the optimization process.

Synthesizing (advanced) Unit <VGA_SignalGen>.
The following registers are absorbed into counter <subPixelCount>: 1 register on signal <subPixelCount>.
The following registers are absorbed into counter <PixelCount>: 1 register on signal <PixelCount>.
The following registers are absorbed into counter <LineCount>: 1 register on signal <LineCount>.
Unit <VGA_SignalGen> synthesized (advanced).

=========================================================================
Advanced HDL Synthesis Report

Macro Statistics
# Adders/Subtractors                                   : 1
 1-bit adder                                           : 1
# Counters                                             : 3
 10-bit up counter                                     : 2
 2-bit up counter                                      : 1
# Registers                                            : 10
 Flip-Flops                                            : 10
# Comparators                                          : 6
 10-bit comparator greater                             : 4
 10-bit comparator lessequal                           : 2

=========================================================================

=========================================================================
*                         Low Level Synthesis                           *
=========================================================================

Optimizing unit <TextDisplay_Top> ...

Optimizing unit <VGA_SignalGen> ...
WARNING:Xst:1710 - FF/Latch <h/ColorOut_7> (without init value) has a constant value of 0 in block <TextDisplay_Top>. This FF/Latch will be trimmed during the optimization process.
WARNING:Xst:1895 - Due to other FF/Latch trimming, FF/Latch <h/ColorOut_6> (without init value) has a constant value of 0 in block <TextDisplay_Top>. This FF/Latch will be trimmed during the optimization process.
WARNING:Xst:1895 - Due to other FF/Latch trimming, FF/Latch <h/ColorOut_5> (without init value) has a constant value of 0 in block <TextDisplay_Top>. This FF/Latch will be trimmed during the optimization process.
WARNING:Xst:1895 - Due to other FF/Latch trimming, FF/Latch <h/ColorOut_4> (without init value) has a constant value of 0 in block <TextDisplay_Top>. This FF/Latch will be trimmed during the optimization process.
WARNING:Xst:1895 - Due to other FF/Latch trimming, FF/Latch <h/ColorOut_3> (without init value) has a constant value of 0 in block <TextDisplay_Top>. This FF/Latch will be trimmed during the optimization process.
WARNING:Xst:1895 - Due to other FF/Latch trimming, FF/Latch <h/ColorOut_2> (without init value) has a constant value of 0 in block <TextDisplay_Top>. This FF/Latch will be trimmed during the optimization process.
WARNING:Xst:1895 - Due to other FF/Latch trimming, FF/Latch <h/ColorOut_1> (without init value) has a constant value of 0 in block <TextDisplay_Top>. This FF/Latch will be trimmed during the optimization process.
WARNING:Xst:1895 - Due to other FF/Latch trimming, FF/Latch <h/ColorOut_0> (without init value) has a constant value of 0 in block <TextDisplay_Top>. This FF/Latch will be trimmed during the optimization process.

Mapping all equations...
Building and optimizing final netlist ...
Found area constraint ratio of 100 (+ 5) on block TextDisplay_Top, actual ratio is 1.

Final Macro Processing ...

=========================================================================
Final Register Report

Macro Statistics
# Registers                                            : 24
 Flip-Flops                                            : 24

=========================================================================

=========================================================================
*                           Partition Report                            *
=========================================================================

Partition Implementation Status
-------------------------------

  No Partitions were found in this design.

-------------------------------

=========================================================================
*                            Design Summary                             *
=========================================================================

Top Level Output File Name         : TextDisplay_Top.ngc

Primitive and Black Box Usage:
------------------------------
# BELS                             : 339
#      GND                         : 3
#      INV                         : 3
#      LUT1                        : 18
#      LUT2                        : 13
#      LUT3                        : 35
#      LUT4                        : 3
#      LUT5                        : 13
#      LUT6                        : 146
#      MUXCY                       : 18
#      MUXF7                       : 64
#      VCC                         : 3
#      XORCY                       : 20
# FlipFlops/Latches                : 36
#      FD                          : 20
#      FDE                         : 14
#      FDR                         : 2
# RAMS                             : 16
#      RAMB16BWER                  : 16
# Clock Buffers                    : 1
#      BUFGP                       : 1
# IO Buffers                       : 11
#      IBUF                        : 1
#      OBUF                        : 10

Device utilization summary:
---------------------------

Selected Device : 6slx16csg324-3 


Slice Logic Utilization: 
 Number of Slice Registers:              36  out of  18224     0%  
 Number of Slice LUTs:                  231  out of   9112     2%  
    Number used as Logic:               231  out of   9112     2%  

Slice Logic Distribution: 
 Number of LUT Flip Flop pairs used:    243
   Number with an unused Flip Flop:     207  out of    243    85%  
   Number with an unused LUT:            12  out of    243     4%  
   Number of fully used LUT-FF pairs:    24  out of    243     9%  
   Number of unique control sets:         8

IO Utilization: 
 Number of IOs:                          12
 Number of bonded IOBs:                  12  out of    232     5%  

Specific Feature Utilization:
 Number of Block RAM/FIFO:               16  out of     32    50%  
    Number using Block RAM only:         16
 Number of BUFG/BUFGCTRLs:                1  out of     16     6%  

---------------------------
Partition Resource Summary:
---------------------------

  No Partitions were found in this design.

---------------------------


=========================================================================
Timing Report

NOTE: THESE TIMING NUMBERS ARE ONLY A SYNTHESIS ESTIMATE.
      FOR ACCURATE TIMING INFORMATION PLEASE REFER TO THE TRACE REPORT
      GENERATED AFTER PLACE-and-ROUTE.

Clock Information:
------------------
-----------------------------------+------------------------+-------+
Clock Signal                       | Clock buffer(FF name)  | Load  |
-----------------------------------+------------------------+-------+
clk                                | BUFGP                  | 52    |
-----------------------------------+------------------------+-------+

Asynchronous Control Signals Information:
----------------------------------------
No asynchronous control signals found in this design

Timing Summary:
---------------
Speed Grade: -3

   Minimum period: 4.106ns (Maximum Frequency: 243.549MHz)
   Minimum input arrival time before clock: 3.783ns
   Maximum output required time after clock: 3.634ns
   Maximum combinational path delay: No path found

Timing Details:
---------------
All values displayed in nanoseconds (ns)

=========================================================================
Timing constraint: Default period analysis for Clock 'clk'
  Clock period: 4.106ns (frequency: 243.549MHz)
  Total number of paths / destination ports: 768 / 135
-------------------------------------------------------------------------
Delay:               4.106ns (Levels of Logic = 12)
  Source:            h/LineCount_1 (FF)
  Destination:       h/LineCount_9 (FF)
  Source Clock:      clk rising
  Destination Clock: clk rising

  Data Path: h/LineCount_1 to h/LineCount_9
                                Gate     Net
    Cell:in->out      fanout   Delay   Delay  Logical Name (Net Name)
    ----------------------------------------  ------------
     FD:C->Q              20   0.447   1.093  h/LineCount_1 (h/LineCount_1)
     LUT1:I0->O            1   0.205   0.000  h/Mcount_LineCount_cy<1>_rt (h/Mcount_LineCount_cy<1>_rt)
     MUXCY:S->O            1   0.172   0.000  h/Mcount_LineCount_cy<1> (h/Mcount_LineCount_cy<1>)
     MUXCY:CI->O           1   0.019   0.000  h/Mcount_LineCount_cy<2> (h/Mcount_LineCount_cy<2>)
     MUXCY:CI->O           1   0.019   0.000  h/Mcount_LineCount_cy<3> (h/Mcount_LineCount_cy<3>)
     MUXCY:CI->O           1   0.019   0.000  h/Mcount_LineCount_cy<4> (h/Mcount_LineCount_cy<4>)
     MUXCY:CI->O           1   0.019   0.000  h/Mcount_LineCount_cy<5> (h/Mcount_LineCount_cy<5>)
     MUXCY:CI->O           1   0.019   0.000  h/Mcount_LineCount_cy<6> (h/Mcount_LineCount_cy<6>)
     MUXCY:CI->O           1   0.019   0.000  h/Mcount_LineCount_cy<7> (h/Mcount_LineCount_cy<7>)
     MUXCY:CI->O           0   0.019   0.000  h/Mcount_LineCount_cy<8> (h/Mcount_LineCount_cy<8>)
     XORCY:CI->O           1   0.180   0.684  h/Mcount_LineCount_xor<9> (h/Result<9>1)
     LUT6:I4->O            1   0.203   0.684  h/LineCount_9_rstpot (h/LineCount_9_rstpot)
     LUT2:I0->O            1   0.203   0.000  h/LineCount_9_rstpot1 (h/LineCount_9_rstpot1)
     FD:D                      0.102          h/LineCount_9
    ----------------------------------------
    Total                      4.106ns (1.645ns logic, 2.461ns route)
                                       (40.1% logic, 59.9% route)

=========================================================================
Timing constraint: Default OFFSET IN BEFORE for Clock 'clk'
  Total number of paths / destination ports: 24 / 24
-------------------------------------------------------------------------
Offset:              3.783ns (Levels of Logic = 3)
  Source:            rst (PAD)
  Destination:       h/Vsync (FF)
  Destination Clock: clk rising

  Data Path: rst to h/Vsync
                                Gate     Net
    Cell:in->out      fanout   Delay   Delay  Logical Name (Net Name)
    ----------------------------------------  ------------
     IBUF:I->O             6   1.222   1.109  rst_IBUF (rst_IBUF)
     LUT6:I0->O            1   0.203   0.944  h/_n0109_inv1_rstpot (h/_n0109_inv1_rstpot)
     LUT6:I0->O            1   0.203   0.000  h/Vsync_dpot (h/Vsync_dpot)
     FDE:D                     0.102          h/Vsync
    ----------------------------------------
    Total                      3.783ns (1.730ns logic, 2.053ns route)
                                       (45.7% logic, 54.3% route)

=========================================================================
Timing constraint: Default OFFSET OUT AFTER for Clock 'clk'
  Total number of paths / destination ports: 2 / 2
-------------------------------------------------------------------------
Offset:              3.634ns (Levels of Logic = 1)
  Source:            h/Vsync (FF)
  Destination:       Vsync (PAD)
  Source Clock:      clk rising

  Data Path: h/Vsync to Vsync
                                Gate     Net
    Cell:in->out      fanout   Delay   Delay  Logical Name (Net Name)
    ----------------------------------------  ------------
     FDE:C->Q              2   0.447   0.616  h/Vsync (h/Vsync)
     OBUF:I->O                 2.571          Vsync_OBUF (Vsync)
    ----------------------------------------
    Total                      3.634ns (3.018ns logic, 0.616ns route)
                                       (83.0% logic, 17.0% route)

=========================================================================

Cross Clock Domains Report:
--------------------------

Clock to Setup on destination clock clk
---------------+---------+---------+---------+---------+
               | Src:Rise| Src:Fall| Src:Rise| Src:Fall|
Source Clock   |Dest:Rise|Dest:Rise|Dest:Fall|Dest:Fall|
---------------+---------+---------+---------+---------+
clk            |    4.106|         |         |         |
---------------+---------+---------+---------+---------+

=========================================================================


Total REAL time to Xst completion: 8.00 secs
Total CPU time to Xst completion: 7.52 secs
 
--> 

Total memory usage is 278424 kilobytes

Number of errors   :    0 (   0 filtered)
Number of warnings :   25 (   0 filtered)
Number of infos    :    3 (   0 filtered)

