--------------------------------------------------------------------------------
Release 14.7 Trace  (nt64)
Copyright (c) 1995-2013 Xilinx, Inc.  All rights reserved.

C:\Xilinx\14.7\ISE_DS\ISE\bin\nt64\unwrapped\trce.exe -intstyle ise -v 3 -s 3
-n 3 -fastpaths -xml TextDisplay_Top.twx TextDisplay_Top.ncd -o
TextDisplay_Top.twr TextDisplay_Top.pcf -ucf TextDisplay_Top.ucf

Design file:              TextDisplay_Top.ncd
Physical constraint file: TextDisplay_Top.pcf
Device,package,speed:     xc6slx16,csg324,C,-3 (PRODUCTION 1.23 2013-10-13)
Report level:             verbose report

Environment Variable      Effect 
--------------------      ------ 
NONE                      No environment variables were set
--------------------------------------------------------------------------------

INFO:Timing:2698 - No timing constraints found, doing default enumeration.
INFO:Timing:3412 - To improve timing, see the Timing Closure User Guide (UG612).
INFO:Timing:2752 - To get complete path coverage, use the unconstrained paths 
   option. All paths that are not constrained will be reported in the 
   unconstrained paths section(s) of the report.
INFO:Timing:3339 - The clock-to-out numbers in this timing report are based on 
   a 50 Ohm transmission line loading model.  For the details of this model, 
   and for more information on accounting for different loading conditions, 
   please see the device datasheet.



Data Sheet report:
-----------------
All values displayed in nanoseconds (ns)

Setup/Hold to clock clk
------------+------------+------------+------------+------------+------------------+--------+
            |Max Setup to|  Process   |Max Hold to |  Process   |                  | Clock  |
Source      | clk (edge) |   Corner   | clk (edge) |   Corner   |Internal Clock(s) | Phase  |
------------+------------+------------+------------+------------+------------------+--------+
rst         |    4.372(R)|      SLOW  |   -1.639(R)|      FAST  |clk_BUFGP         |   0.000|
------------+------------+------------+------------+------------+------------------+--------+

Clock clk to Pad
------------+-----------------+------------+-----------------+------------+------------------+--------+
            |Max (slowest) clk|  Process   |Min (fastest) clk|  Process   |                  | Clock  |
Destination |  (edge) to PAD  |   Corner   |  (edge) to PAD  |   Corner   |Internal Clock(s) | Phase  |
------------+-----------------+------------+-----------------+------------+------------------+--------+
ColorOut<0> |         7.240(R)|      SLOW  |         3.746(R)|      FAST  |clk_BUFGP         |   0.000|
ColorOut<1> |         7.529(R)|      SLOW  |         3.920(R)|      FAST  |clk_BUFGP         |   0.000|
ColorOut<2> |         7.495(R)|      SLOW  |         3.937(R)|      FAST  |clk_BUFGP         |   0.000|
ColorOut<3> |         7.351(R)|      SLOW  |         3.852(R)|      FAST  |clk_BUFGP         |   0.000|
ColorOut<4> |         7.517(R)|      SLOW  |         3.934(R)|      FAST  |clk_BUFGP         |   0.000|
ColorOut<5> |         7.661(R)|      SLOW  |         4.019(R)|      FAST  |clk_BUFGP         |   0.000|
ColorOut<6> |         7.938(R)|      SLOW  |         4.210(R)|      FAST  |clk_BUFGP         |   0.000|
ColorOut<7> |         7.807(R)|      SLOW  |         4.131(R)|      FAST  |clk_BUFGP         |   0.000|
Hsync       |         7.978(R)|      SLOW  |         4.215(R)|      FAST  |clk_BUFGP         |   0.000|
Vsync       |         7.924(R)|      SLOW  |         4.170(R)|      FAST  |clk_BUFGP         |   0.000|
------------+-----------------+------------+-----------------+------------+------------------+--------+

Clock to Setup on destination clock clk
---------------+---------+---------+---------+---------+
               | Src:Rise| Src:Fall| Src:Rise| Src:Fall|
Source Clock   |Dest:Rise|Dest:Rise|Dest:Fall|Dest:Fall|
---------------+---------+---------+---------+---------+
clk            |    6.386|         |         |         |
---------------+---------+---------+---------+---------+


Analysis completed Tue Sep 20 15:08:43 2016 
--------------------------------------------------------------------------------

Trace Settings:
-------------------------
Trace Settings 

Peak Memory Usage: 248 MB



