--------------------------------------------------------------------------------
Release 14.7 Trace  (nt64)
Copyright (c) 1995-2013 Xilinx, Inc.  All rights reserved.

C:\Xilinx\14.7\ISE_DS\ISE\bin\nt64\unwrapped\trce.exe -intstyle ise -v 3 -s 3
-n 3 -fastpaths -xml Top.twx Top.ncd -o Top.twr Top.pcf -ucf Top.ucf

Design file:              Top.ncd
Physical constraint file: Top.pcf
Device,package,speed:     xc6slx16,csg324,C,-3 (PRODUCTION 1.23 2013-10-13)
Report level:             verbose report

Environment Variable      Effect 
--------------------      ------ 
NONE                      No environment variables were set
--------------------------------------------------------------------------------

INFO:Timing:2698 - No timing constraints found, doing default enumeration.
INFO:Timing:3412 - To improve timing, see the Timing Closure User Guide (UG612).
INFO:Timing:2752 - To get complete path coverage, use the unconstrained paths 
   option. All paths that are not constrained will be reported in the 
   unconstrained paths section(s) of the report.
INFO:Timing:3339 - The clock-to-out numbers in this timing report are based on 
   a 50 Ohm transmission line loading model.  For the details of this model, 
   and for more information on accounting for different loading conditions, 
   please see the device datasheet.



Data Sheet report:
-----------------
All values displayed in nanoseconds (ns)

Setup/Hold to clock extClk
------------+------------+------------+------------+------------+------------------+--------+
            |Max Setup to|  Process   |Max Hold to |  Process   |                  | Clock  |
Source      | clk (edge) |   Corner   | clk (edge) |   Corner   |Internal Clock(s) | Phase  |
------------+------------+------------+------------+------------+------------------+--------+
JB<4>       |    1.990(R)|      SLOW  |   -0.227(R)|      SLOW  |clk               |   0.000|
JB<5>       |    2.175(R)|      SLOW  |   -0.116(R)|      SLOW  |clk               |   0.000|
JB<6>       |    1.358(R)|      FAST  |   -0.598(R)|      SLOW  |clk               |   0.000|
rst         |    5.617(R)|      SLOW  |   -0.098(R)|      SLOW  |clk               |   0.000|
------------+------------+------------+------------+------------+------------------+--------+

Clock extClk to Pad
------------+-----------------+------------+-----------------+------------+------------------+--------+
            |Max (slowest) clk|  Process   |Min (fastest) clk|  Process   |                  | Clock  |
Destination |  (edge) to PAD  |   Corner   |  (edge) to PAD  |   Corner   |Internal Clock(s) | Phase  |
------------+-----------------+------------+-----------------+------------+------------------+--------+
ColorOut<0> |         8.299(R)|      SLOW  |         4.452(R)|      FAST  |clk               |   0.000|
ColorOut<1> |         8.463(R)|      SLOW  |         4.529(R)|      FAST  |clk               |   0.000|
ColorOut<2> |         8.512(R)|      SLOW  |         4.570(R)|      FAST  |clk               |   0.000|
ColorOut<3> |         8.305(R)|      SLOW  |         4.450(R)|      FAST  |clk               |   0.000|
ColorOut<4> |         8.238(R)|      SLOW  |         4.398(R)|      FAST  |clk               |   0.000|
ColorOut<5> |         8.442(R)|      SLOW  |         4.516(R)|      FAST  |clk               |   0.000|
ColorOut<6> |         8.255(R)|      SLOW  |         4.418(R)|      FAST  |clk               |   0.000|
ColorOut<7> |         8.304(R)|      SLOW  |         4.457(R)|      FAST  |clk               |   0.000|
Hsync       |         8.556(R)|      SLOW  |         4.606(R)|      FAST  |clk               |   0.000|
Vsync       |         8.129(R)|      SLOW  |         4.361(R)|      FAST  |clk               |   0.000|
led<2>      |         8.259(R)|      SLOW  |         4.503(R)|      FAST  |clk               |   0.000|
led<3>      |         8.264(R)|      SLOW  |         4.506(R)|      FAST  |clk               |   0.000|
led<4>      |         7.849(R)|      SLOW  |         4.162(R)|      FAST  |clk               |   0.000|
led<5>      |         7.693(R)|      SLOW  |         4.080(R)|      FAST  |clk               |   0.000|
led<6>      |         7.807(R)|      SLOW  |         4.158(R)|      FAST  |clk               |   0.000|
led<7>      |         7.804(R)|      SLOW  |         4.155(R)|      FAST  |clk               |   0.000|
sclk        |         7.630(R)|      SLOW  |         3.976(R)|      FAST  |clk               |   0.000|
sdo         |         7.708(R)|      SLOW  |         4.031(R)|      FAST  |clk               |   0.000|
ss          |         7.803(R)|      SLOW  |         4.124(R)|      FAST  |clk               |   0.000|
------------+-----------------+------------+-----------------+------------+------------------+--------+

Clock to Setup on destination clock extClk
---------------+---------+---------+---------+---------+
               | Src:Rise| Src:Fall| Src:Rise| Src:Fall|
Source Clock   |Dest:Rise|Dest:Rise|Dest:Fall|Dest:Fall|
---------------+---------+---------+---------+---------+
extClk         |   12.956|         |         |         |
---------------+---------+---------+---------+---------+


Analysis completed Tue Nov 15 15:57:53 2016 
--------------------------------------------------------------------------------

Trace Settings:
-------------------------
Trace Settings 

Peak Memory Usage: 262 MB



